Testing BFS on node 0.
0 1 2 3 4 
Testing print path on node 3.
0 1 3 
Testing print levels on node 0.
0 
1 2 
3 4 
Testing DFS.
0 1 3 2 4 
Testing to check if a graph has a cycle.
Graph does not have a cycle.
